"customer_id","order_count"
61,4
9,3
18,3
32,3
38,3
52,3
60,3
68,3
88,3
91,3