"country","proceeds"
China,46344
India,27796
Nigeria,7112
Pakistan,6612
Japan,5077
USA,4982
Bangladesh,4449
Brazil,3924
Indonesia,1879
Russia,1505
