"country","year","proceeds"
Bangladesh,2023,1351
Bangladesh,2024,3098
Brazil,2023,3108
Brazil,2024,816
China,2023,29118
China,2024,17226
India,2023,11301
India,2024,16495
Indonesia,2023,1455
Indonesia,2024,424
Japan,2023,4117
Japan,2024,960
Nigeria,2023,6053
Nigeria,2024,1059
Pakistan,2023,2946
Pakistan,2024,3666
Russia,2023,351
Russia,2024,1154
USA,2023,2765
USA,2024,2217
