"employee_id","order_id","order_date"
1,10,"2024-05-17"
2,22,"2024-06-01"
3,111,"2024-05-25"
4,162,"2024-06-04"
5,184,"2024-05-28"
6,47,"2024-06-02"
7,13,"2024-05-03"
8,64,"2024-05-04"
9,179,"2024-05-27"
10,48,"2024-05-24"
