customer_id,customer_name,contact_name,address,city,postal_code,country
1,Freda,,303 Kirlin Burgs,Valeriecester,89995-1491,Russia
